
Running 1 test using 1 worker

[1A[2K[1/1] [chromium] ΓÇ║ e2e\functional.spec.ts:35:5 ΓÇ║ Domcy Coffee Critical Flows ΓÇ║ Find Us page has functional Map and Order button
[1A[2K  1) [chromium] ΓÇ║ e2e\functional.spec.ts:35:5 ΓÇ║ Domcy Coffee Critical Flows ΓÇ║ Find Us page has functional Map and Order button 

    Error: locator.click: Error: strict mode violation: getByRole('button', { name: 'Order' }) resolved to 2 elements:
        1) <button class="relative font-display text-xs sm:text-base uppercase tracking-wider bg-domcy-green text-domcy-cream rounded-xl px-4 py-2 sm:px-6 sm:py-2.5 hover:bg-domcy-black hover:scale-105 transition-all shadow-lg">Order Now</button> aka getByRole('button', { name: 'Order Now' })
        2) <button class="flex items-center justify-center gap-2 border border-domcy-cream text-domcy-cream py-3 rounded-lg font-display text-lg uppercase tracking-wider hover:bg-domcy-cream hover:text-domcy-green transition-colors">Order</button> aka getByRole('button', { name: 'Order', exact: true })

    Call log:
    [2m  - waiting for getByRole('button', { name: 'Order' })[22m


      47 |         // 4. Click "Order" button in the Location card
      48 |         // This was the bug we fixed
    > 49 |         await page.getByRole('button', { name: 'Order' }).click();
         |                                                           ^
      50 |
      51 |         // 5. Verify Cart opens
      52 |         await expect(page.getByText('Shopping Cart')).toBeVisible();
        at C:\Users\User\Documents\VS CODE\domcy-coffee\e2e\functional.spec.ts:49:59

    Error Context: test-results\functional-Domcy-Coffee-Cr-33817-tional-Map-and-Order-button-chromium\error-context.md


[1A[2K  1 failed
    [chromium] ΓÇ║ e2e\functional.spec.ts:35:5 ΓÇ║ Domcy Coffee Critical Flows ΓÇ║ Find Us page has functional Map and Order button 
